2026-06-03 17:25:28 [INFO] Nombre PC resuelto: 'Ignacio' (config: D:\DOCUMENTOS USER\Desktop\sistema emergente\infoDesk\dist\config.ini)
2026-06-03 17:25:28 [INFO] infoDesk iniciado | PC: Ignacio | WS: ws://localhost:8080/app/xk2z9tboo2ajmwtwl2qn
2026-06-03 17:25:28 [INFO] Registrado en inicio automático de Windows
2026-06-03 17:25:28 [INFO] Conectando a ws://localhost:8080/app/xk2z9tboo2ajmwtwl2qn...
2026-06-03 17:25:30 [INFO] Websocket connected
2026-06-03 17:25:30 [INFO] WebSocket conectado
2026-06-03 17:25:30 [INFO] Suscrito al canal 'mensajes'
2026-06-03 17:25:31 [INFO] Registrado en servidor: Ignacio (192.168.14.150)
2026-06-03 17:25:33 [INFO] Registrado en servidor: Ignacio (192.168.14.150)
2026-06-03 17:26:03 [INFO] Registrado en servidor: Ignacio (192.168.14.150)
2026-06-03 17:26:09 [INFO] Mensaje recibido: Recordatorios
2026-06-03 17:26:09 [INFO] Ventana creada: Recordatorios
2026-06-03 17:26:12 [INFO] Confirmación enviada: mensaje #22 — recibido
2026-06-03 17:26:36 [INFO] Registrado en servidor: Ignacio (192.168.14.150)
2026-06-03 17:27:04 [INFO] Mensaje recibido: sdfsdf
2026-06-03 17:27:05 [INFO] Ventana creada: sdfsdf
2026-06-03 17:27:07 [INFO] Confirmación enviada: mensaje #23 — recibido
2026-06-03 17:27:08 [INFO] Registrado en servidor: Ignacio (192.168.14.150)
2026-06-03 17:27:41 [INFO] Registrado en servidor: Ignacio (192.168.14.150)
2026-06-03 17:28:13 [INFO] Registrado en servidor: Ignacio (192.168.14.150)
2026-06-03 17:28:21 [INFO] Mensaje recibido: Prueba
2026-06-03 17:28:21 [INFO] Ventana creada: Prueba
2026-06-03 17:28:24 [INFO] Confirmación enviada: mensaje #24 — recibido
2026-06-03 17:28:45 [INFO] Registrado en servidor: Ignacio (192.168.14.150)
2026-06-03 17:29:18 [INFO] Registrado en servidor: Ignacio (192.168.14.150)
2026-06-03 17:29:50 [INFO] Registrado en servidor: Ignacio (192.168.14.150)
2026-06-03 17:30:22 [INFO] Registrado en servidor: Ignacio (192.168.14.150)
2026-06-03 17:30:54 [INFO] Registrado en servidor: Ignacio (192.168.14.150)
2026-06-03 17:31:27 [INFO] Registrado en servidor: Ignacio (192.168.14.150)
2026-06-03 17:31:59 [INFO] Registrado en servidor: Ignacio (192.168.14.150)
2026-06-03 17:32:31 [INFO] Registrado en servidor: Ignacio (192.168.14.150)
2026-06-03 17:33:04 [INFO] Registrado en servidor: Ignacio (192.168.14.150)
2026-06-03 17:33:36 [INFO] Registrado en servidor: Ignacio (192.168.14.150)
2026-06-03 17:34:08 [INFO] Registrado en servidor: Ignacio (192.168.14.150)
2026-06-03 17:34:36 [ERROR] WebSocket error: [WinError 10054] Se ha forzado la interrupción de una conexión existente por el host remoto
2026-06-03 17:34:36 [ERROR] [WinError 10054] Se ha forzado la interrupción de una conexión existente por el host remoto - goodbye
2026-06-03 17:34:36 [INFO] WebSocket desconectado (código None)
2026-06-03 17:34:36 [INFO] Reintentando conexión en 10 segundos...
2026-06-04 12:35:55 [INFO] Nombre PC resuelto: 'Ignacio' (config: D:\DOCUMENTOS USER\Desktop\sistema emergente\infoDesk\dist\config.ini)
2026-06-04 12:35:55 [INFO] infoDesk iniciado | PC: Ignacio | WS: ws://localhost:8080/app/xk2z9tboo2ajmwtwl2qn
2026-06-04 12:35:55 [INFO] Registrado en inicio automático de Windows
2026-06-04 12:35:55 [INFO] Conectando a ws://localhost:8080/app/xk2z9tboo2ajmwtwl2qn...
2026-06-04 12:35:59 [ERROR] WebSocket error: [WinError 10061] No se puede establecer una conexión ya que el equipo de destino denegó expresamente dicha conexión
2026-06-04 12:35:59 [ERROR] [WinError 10061] No se puede establecer una conexión ya que el equipo de destino denegó expresamente dicha conexión - goodbye
2026-06-04 12:35:59 [INFO] WebSocket desconectado (código None)
2026-06-04 12:35:59 [INFO] Reintentando conexión en 10 segundos...
2026-06-04 12:35:59 [WARNING] Error al registrar PC: HTTPConnectionPool(host='localhost', port=8000): Max retries exceeded with url: /api/registro (Caused by NewConnectionError("HTTPConnection(host='localhost', port=8000): Failed to establish a new connection: [WinError 10061] No se puede establecer una conexión ya que el equipo de destino denegó expresamente dicha conexión"))
2026-06-04 12:36:09 [INFO] Conectando a ws://localhost:8080/app/xk2z9tboo2ajmwtwl2qn...
2026-06-04 12:36:13 [ERROR] WebSocket error: [WinError 10061] No se puede establecer una conexión ya que el equipo de destino denegó expresamente dicha conexión
2026-06-04 12:36:13 [ERROR] [WinError 10061] No se puede establecer una conexión ya que el equipo de destino denegó expresamente dicha conexión - goodbye
2026-06-04 12:36:13 [INFO] WebSocket desconectado (código None)
2026-06-04 12:36:13 [INFO] Reintentando conexión en 10 segundos...
2026-06-04 12:36:23 [INFO] Conectando a ws://localhost:8080/app/xk2z9tboo2ajmwtwl2qn...
2026-06-04 12:36:27 [ERROR] WebSocket error: [WinError 10061] No se puede establecer una conexión ya que el equipo de destino denegó expresamente dicha conexión
2026-06-04 12:36:27 [ERROR] [WinError 10061] No se puede establecer una conexión ya que el equipo de destino denegó expresamente dicha conexión - goodbye
2026-06-04 12:36:27 [INFO] WebSocket desconectado (código None)
2026-06-04 12:36:27 [INFO] Reintentando conexión en 10 segundos...
2026-06-04 12:36:33 [WARNING] Error al registrar PC: HTTPConnectionPool(host='localhost', port=8000): Max retries exceeded with url: /api/registro (Caused by NewConnectionError("HTTPConnection(host='localhost', port=8000): Failed to establish a new connection: [WinError 10061] No se puede establecer una conexión ya que el equipo de destino denegó expresamente dicha conexión"))
2026-06-04 12:36:37 [INFO] Conectando a ws://localhost:8080/app/xk2z9tboo2ajmwtwl2qn...
2026-06-04 12:36:41 [ERROR] WebSocket error: [WinError 10061] No se puede establecer una conexión ya que el equipo de destino denegó expresamente dicha conexión
2026-06-04 12:36:41 [ERROR] [WinError 10061] No se puede establecer una conexión ya que el equipo de destino denegó expresamente dicha conexión - goodbye
2026-06-04 12:36:41 [INFO] WebSocket desconectado (código None)
2026-06-04 12:36:41 [INFO] Reintentando conexión en 10 segundos...
2026-06-04 12:36:51 [INFO] Conectando a ws://localhost:8080/app/xk2z9tboo2ajmwtwl2qn...
2026-06-04 12:36:55 [ERROR] WebSocket error: [WinError 10061] No se puede establecer una conexión ya que el equipo de destino denegó expresamente dicha conexión
2026-06-04 12:36:55 [ERROR] [WinError 10061] No se puede establecer una conexión ya que el equipo de destino denegó expresamente dicha conexión - goodbye
2026-06-04 12:36:55 [INFO] WebSocket desconectado (código None)
2026-06-04 12:36:55 [INFO] Reintentando conexión en 10 segundos...
2026-06-04 12:37:05 [INFO] Conectando a ws://localhost:8080/app/xk2z9tboo2ajmwtwl2qn...
2026-06-04 12:37:07 [WARNING] Error al registrar PC: HTTPConnectionPool(host='localhost', port=8000): Max retries exceeded with url: /api/registro (Caused by NewConnectionError("HTTPConnection(host='localhost', port=8000): Failed to establish a new connection: [WinError 10061] No se puede establecer una conexión ya que el equipo de destino denegó expresamente dicha conexión"))
2026-06-04 12:37:09 [ERROR] WebSocket error: [WinError 10061] No se puede establecer una conexión ya que el equipo de destino denegó expresamente dicha conexión
2026-06-04 12:37:09 [ERROR] [WinError 10061] No se puede establecer una conexión ya que el equipo de destino denegó expresamente dicha conexión - goodbye
2026-06-04 12:37:09 [INFO] WebSocket desconectado (código None)
2026-06-04 12:37:09 [INFO] Reintentando conexión en 10 segundos...
2026-06-04 12:37:19 [INFO] Conectando a ws://localhost:8080/app/xk2z9tboo2ajmwtwl2qn...
2026-06-04 12:37:23 [ERROR] WebSocket error: [WinError 10061] No se puede establecer una conexión ya que el equipo de destino denegó expresamente dicha conexión
2026-06-04 12:37:23 [ERROR] [WinError 10061] No se puede establecer una conexión ya que el equipo de destino denegó expresamente dicha conexión - goodbye
2026-06-04 12:37:23 [INFO] WebSocket desconectado (código None)
2026-06-04 12:37:23 [INFO] Reintentando conexión en 10 segundos...
2026-06-04 12:37:34 [INFO] Conectando a ws://localhost:8080/app/xk2z9tboo2ajmwtwl2qn...
2026-06-04 12:37:38 [ERROR] WebSocket error: [WinError 10061] No se puede establecer una conexión ya que el equipo de destino denegó expresamente dicha conexión
2026-06-04 12:37:38 [ERROR] [WinError 10061] No se puede establecer una conexión ya que el equipo de destino denegó expresamente dicha conexión - goodbye
2026-06-04 12:37:38 [INFO] WebSocket desconectado (código None)
2026-06-04 12:37:38 [INFO] Reintentando conexión en 10 segundos...
2026-06-04 12:37:41 [WARNING] Error al registrar PC: HTTPConnectionPool(host='localhost', port=8000): Max retries exceeded with url: /api/registro (Caused by NewConnectionError("HTTPConnection(host='localhost', port=8000): Failed to establish a new connection: [WinError 10061] No se puede establecer una conexión ya que el equipo de destino denegó expresamente dicha conexión"))
2026-06-04 12:37:48 [INFO] Conectando a ws://localhost:8080/app/xk2z9tboo2ajmwtwl2qn...
2026-06-04 12:37:52 [ERROR] WebSocket error: [WinError 10061] No se puede establecer una conexión ya que el equipo de destino denegó expresamente dicha conexión
2026-06-04 12:37:52 [ERROR] [WinError 10061] No se puede establecer una conexión ya que el equipo de destino denegó expresamente dicha conexión - goodbye
2026-06-04 12:37:52 [INFO] WebSocket desconectado (código None)
2026-06-04 12:37:52 [INFO] Reintentando conexión en 10 segundos...
2026-06-04 12:38:02 [INFO] Conectando a ws://localhost:8080/app/xk2z9tboo2ajmwtwl2qn...
2026-06-04 12:38:06 [ERROR] WebSocket error: [WinError 10061] No se puede establecer una conexión ya que el equipo de destino denegó expresamente dicha conexión
2026-06-04 12:38:06 [ERROR] [WinError 10061] No se puede establecer una conexión ya que el equipo de destino denegó expresamente dicha conexión - goodbye
2026-06-04 12:38:06 [INFO] WebSocket desconectado (código None)
2026-06-04 12:38:06 [INFO] Reintentando conexión en 10 segundos...
2026-06-04 12:38:15 [WARNING] Error al registrar PC: HTTPConnectionPool(host='localhost', port=8000): Max retries exceeded with url: /api/registro (Caused by NewConnectionError("HTTPConnection(host='localhost', port=8000): Failed to establish a new connection: [WinError 10061] No se puede establecer una conexión ya que el equipo de destino denegó expresamente dicha conexión"))
2026-06-04 12:38:16 [INFO] Conectando a ws://localhost:8080/app/xk2z9tboo2ajmwtwl2qn...
2026-06-04 12:38:20 [ERROR] WebSocket error: [WinError 10061] No se puede establecer una conexión ya que el equipo de destino denegó expresamente dicha conexión
2026-06-04 12:38:20 [ERROR] [WinError 10061] No se puede establecer una conexión ya que el equipo de destino denegó expresamente dicha conexión - goodbye
2026-06-04 12:38:20 [INFO] WebSocket desconectado (código None)
2026-06-04 12:38:20 [INFO] Reintentando conexión en 10 segundos...
2026-06-04 12:38:30 [INFO] Conectando a ws://localhost:8080/app/xk2z9tboo2ajmwtwl2qn...
2026-06-04 12:38:34 [ERROR] WebSocket error: [WinError 10061] No se puede establecer una conexión ya que el equipo de destino denegó expresamente dicha conexión
2026-06-04 12:38:34 [ERROR] [WinError 10061] No se puede establecer una conexión ya que el equipo de destino denegó expresamente dicha conexión - goodbye
2026-06-04 12:38:34 [INFO] WebSocket desconectado (código None)
2026-06-04 12:38:34 [INFO] Reintentando conexión en 10 segundos...
2026-06-04 12:38:44 [INFO] Conectando a ws://localhost:8080/app/xk2z9tboo2ajmwtwl2qn...
2026-06-04 12:38:48 [ERROR] WebSocket error: [WinError 10061] No se puede establecer una conexión ya que el equipo de destino denegó expresamente dicha conexión
2026-06-04 12:38:48 [ERROR] [WinError 10061] No se puede establecer una conexión ya que el equipo de destino denegó expresamente dicha conexión - goodbye
2026-06-04 12:38:48 [INFO] WebSocket desconectado (código None)
2026-06-04 12:38:48 [INFO] Reintentando conexión en 10 segundos...
2026-06-04 12:38:50 [WARNING] Error al registrar PC: HTTPConnectionPool(host='localhost', port=8000): Max retries exceeded with url: /api/registro (Caused by NewConnectionError("HTTPConnection(host='localhost', port=8000): Failed to establish a new connection: [WinError 10061] No se puede establecer una conexión ya que el equipo de destino denegó expresamente dicha conexión"))
2026-06-04 12:38:58 [INFO] Conectando a ws://localhost:8080/app/xk2z9tboo2ajmwtwl2qn...
2026-06-04 12:39:02 [ERROR] WebSocket error: [WinError 10061] No se puede establecer una conexión ya que el equipo de destino denegó expresamente dicha conexión
2026-06-04 12:39:02 [ERROR] [WinError 10061] No se puede establecer una conexión ya que el equipo de destino denegó expresamente dicha conexión - goodbye
2026-06-04 12:39:02 [INFO] WebSocket desconectado (código None)
2026-06-04 12:39:02 [INFO] Reintentando conexión en 10 segundos...
2026-06-04 12:39:12 [INFO] Conectando a ws://localhost:8080/app/xk2z9tboo2ajmwtwl2qn...
2026-06-04 12:39:16 [ERROR] WebSocket error: [WinError 10061] No se puede establecer una conexión ya que el equipo de destino denegó expresamente dicha conexión
2026-06-04 12:39:16 [ERROR] [WinError 10061] No se puede establecer una conexión ya que el equipo de destino denegó expresamente dicha conexión - goodbye
2026-06-04 12:39:16 [INFO] WebSocket desconectado (código None)
2026-06-04 12:39:16 [INFO] Reintentando conexión en 10 segundos...
2026-06-04 12:39:24 [WARNING] Error al registrar PC: HTTPConnectionPool(host='localhost', port=8000): Max retries exceeded with url: /api/registro (Caused by NewConnectionError("HTTPConnection(host='localhost', port=8000): Failed to establish a new connection: [WinError 10061] No se puede establecer una conexión ya que el equipo de destino denegó expresamente dicha conexión"))
2026-06-04 12:39:26 [INFO] Conectando a ws://localhost:8080/app/xk2z9tboo2ajmwtwl2qn...
2026-06-04 12:39:30 [ERROR] WebSocket error: [WinError 10061] No se puede establecer una conexión ya que el equipo de destino denegó expresamente dicha conexión
2026-06-04 12:39:30 [ERROR] [WinError 10061] No se puede establecer una conexión ya que el equipo de destino denegó expresamente dicha conexión - goodbye
2026-06-04 12:39:30 [INFO] WebSocket desconectado (código None)
2026-06-04 12:39:30 [INFO] Reintentando conexión en 10 segundos...
2026-06-04 12:39:40 [INFO] Conectando a ws://localhost:8080/app/xk2z9tboo2ajmwtwl2qn...
2026-06-04 12:39:44 [ERROR] WebSocket error: [WinError 10061] No se puede establecer una conexión ya que el equipo de destino denegó expresamente dicha conexión
2026-06-04 12:39:44 [ERROR] [WinError 10061] No se puede establecer una conexión ya que el equipo de destino denegó expresamente dicha conexión - goodbye
2026-06-04 12:39:44 [INFO] WebSocket desconectado (código None)
2026-06-04 12:39:44 [INFO] Reintentando conexión en 10 segundos...
2026-06-04 12:39:54 [INFO] Conectando a ws://localhost:8080/app/xk2z9tboo2ajmwtwl2qn...
2026-06-04 12:39:58 [WARNING] Error al registrar PC: HTTPConnectionPool(host='localhost', port=8000): Max retries exceeded with url: /api/registro (Caused by NewConnectionError("HTTPConnection(host='localhost', port=8000): Failed to establish a new connection: [WinError 10061] No se puede establecer una conexión ya que el equipo de destino denegó expresamente dicha conexión"))
2026-06-04 12:39:58 [ERROR] WebSocket error: [WinError 10061] No se puede establecer una conexión ya que el equipo de destino denegó expresamente dicha conexión
2026-06-04 12:39:58 [ERROR] [WinError 10061] No se puede establecer una conexión ya que el equipo de destino denegó expresamente dicha conexión - goodbye
2026-06-04 12:39:58 [INFO] WebSocket desconectado (código None)
2026-06-04 12:39:58 [INFO] Reintentando conexión en 10 segundos...
2026-06-04 12:40:08 [INFO] Conectando a ws://localhost:8080/app/xk2z9tboo2ajmwtwl2qn...
2026-06-04 12:40:13 [ERROR] WebSocket error: [WinError 10061] No se puede establecer una conexión ya que el equipo de destino denegó expresamente dicha conexión
2026-06-04 12:40:13 [ERROR] [WinError 10061] No se puede establecer una conexión ya que el equipo de destino denegó expresamente dicha conexión - goodbye
2026-06-04 12:40:13 [INFO] WebSocket desconectado (código None)
2026-06-04 12:40:13 [INFO] Reintentando conexión en 10 segundos...
2026-06-04 12:40:23 [INFO] Conectando a ws://localhost:8080/app/xk2z9tboo2ajmwtwl2qn...
2026-06-04 12:40:27 [ERROR] WebSocket error: [WinError 10061] No se puede establecer una conexión ya que el equipo de destino denegó expresamente dicha conexión
2026-06-04 12:40:27 [ERROR] [WinError 10061] No se puede establecer una conexión ya que el equipo de destino denegó expresamente dicha conexión - goodbye
2026-06-04 12:40:27 [INFO] WebSocket desconectado (código None)
2026-06-04 12:40:27 [INFO] Reintentando conexión en 10 segundos...
2026-06-04 12:40:32 [WARNING] Error al registrar PC: HTTPConnectionPool(host='localhost', port=8000): Max retries exceeded with url: /api/registro (Caused by NewConnectionError("HTTPConnection(host='localhost', port=8000): Failed to establish a new connection: [WinError 10061] No se puede establecer una conexión ya que el equipo de destino denegó expresamente dicha conexión"))
2026-06-04 12:40:37 [INFO] Conectando a ws://localhost:8080/app/xk2z9tboo2ajmwtwl2qn...
2026-06-04 12:40:41 [ERROR] WebSocket error: [WinError 10061] No se puede establecer una conexión ya que el equipo de destino denegó expresamente dicha conexión
2026-06-04 12:40:41 [ERROR] [WinError 10061] No se puede establecer una conexión ya que el equipo de destino denegó expresamente dicha conexión - goodbye
2026-06-04 12:40:41 [INFO] WebSocket desconectado (código None)
2026-06-04 12:40:41 [INFO] Reintentando conexión en 10 segundos...
2026-06-04 12:40:51 [INFO] Conectando a ws://localhost:8080/app/xk2z9tboo2ajmwtwl2qn...
2026-06-04 12:40:55 [ERROR] WebSocket error: [WinError 10061] No se puede establecer una conexión ya que el equipo de destino denegó expresamente dicha conexión
2026-06-04 12:40:55 [ERROR] [WinError 10061] No se puede establecer una conexión ya que el equipo de destino denegó expresamente dicha conexión - goodbye
2026-06-04 12:40:55 [INFO] WebSocket desconectado (código None)
2026-06-04 12:40:55 [INFO] Reintentando conexión en 10 segundos...
2026-06-04 12:41:05 [INFO] Conectando a ws://localhost:8080/app/xk2z9tboo2ajmwtwl2qn...
2026-06-04 12:41:06 [WARNING] Error al registrar PC: HTTPConnectionPool(host='localhost', port=8000): Max retries exceeded with url: /api/registro (Caused by NewConnectionError("HTTPConnection(host='localhost', port=8000): Failed to establish a new connection: [WinError 10061] No se puede establecer una conexión ya que el equipo de destino denegó expresamente dicha conexión"))
2026-06-04 12:41:09 [ERROR] WebSocket error: [WinError 10061] No se puede establecer una conexión ya que el equipo de destino denegó expresamente dicha conexión
2026-06-04 12:41:09 [ERROR] [WinError 10061] No se puede establecer una conexión ya que el equipo de destino denegó expresamente dicha conexión - goodbye
2026-06-04 12:41:09 [INFO] WebSocket desconectado (código None)
2026-06-04 12:41:09 [INFO] Reintentando conexión en 10 segundos...
2026-06-04 12:41:19 [INFO] Conectando a ws://localhost:8080/app/xk2z9tboo2ajmwtwl2qn...
2026-06-04 12:41:23 [ERROR] WebSocket error: [WinError 10061] No se puede establecer una conexión ya que el equipo de destino denegó expresamente dicha conexión
2026-06-04 12:41:23 [ERROR] [WinError 10061] No se puede establecer una conexión ya que el equipo de destino denegó expresamente dicha conexión - goodbye
2026-06-04 12:41:23 [INFO] WebSocket desconectado (código None)
2026-06-04 12:41:23 [INFO] Reintentando conexión en 10 segundos...
2026-06-04 12:41:33 [INFO] Conectando a ws://localhost:8080/app/xk2z9tboo2ajmwtwl2qn...
2026-06-04 12:41:37 [ERROR] WebSocket error: [WinError 10061] No se puede establecer una conexión ya que el equipo de destino denegó expresamente dicha conexión
2026-06-04 12:41:37 [ERROR] [WinError 10061] No se puede establecer una conexión ya que el equipo de destino denegó expresamente dicha conexión - goodbye
2026-06-04 12:41:37 [INFO] WebSocket desconectado (código None)
2026-06-04 12:41:37 [INFO] Reintentando conexión en 10 segundos...
2026-06-04 12:41:40 [WARNING] Error al registrar PC: HTTPConnectionPool(host='localhost', port=8000): Max retries exceeded with url: /api/registro (Caused by NewConnectionError("HTTPConnection(host='localhost', port=8000): Failed to establish a new connection: [WinError 10061] No se puede establecer una conexión ya que el equipo de destino denegó expresamente dicha conexión"))
2026-06-04 12:41:47 [INFO] Conectando a ws://localhost:8080/app/xk2z9tboo2ajmwtwl2qn...
2026-06-04 12:41:51 [ERROR] WebSocket error: [WinError 10061] No se puede establecer una conexión ya que el equipo de destino denegó expresamente dicha conexión
2026-06-04 12:41:51 [ERROR] [WinError 10061] No se puede establecer una conexión ya que el equipo de destino denegó expresamente dicha conexión - goodbye
2026-06-04 12:41:51 [INFO] WebSocket desconectado (código None)
2026-06-04 12:41:51 [INFO] Reintentando conexión en 10 segundos...
2026-06-04 12:42:01 [INFO] Conectando a ws://localhost:8080/app/xk2z9tboo2ajmwtwl2qn...
2026-06-04 12:42:05 [ERROR] WebSocket error: [WinError 10061] No se puede establecer una conexión ya que el equipo de destino denegó expresamente dicha conexión
2026-06-04 12:42:05 [ERROR] [WinError 10061] No se puede establecer una conexión ya que el equipo de destino denegó expresamente dicha conexión - goodbye
2026-06-04 12:42:05 [INFO] WebSocket desconectado (código None)
2026-06-04 12:42:05 [INFO] Reintentando conexión en 10 segundos...
2026-06-04 12:42:14 [WARNING] Error al registrar PC: HTTPConnectionPool(host='localhost', port=8000): Max retries exceeded with url: /api/registro (Caused by NewConnectionError("HTTPConnection(host='localhost', port=8000): Failed to establish a new connection: [WinError 10061] No se puede establecer una conexión ya que el equipo de destino denegó expresamente dicha conexión"))
2026-06-04 12:42:15 [INFO] Conectando a ws://localhost:8080/app/xk2z9tboo2ajmwtwl2qn...
2026-06-04 12:42:19 [ERROR] WebSocket error: [WinError 10061] No se puede establecer una conexión ya que el equipo de destino denegó expresamente dicha conexión
2026-06-04 12:42:19 [ERROR] [WinError 10061] No se puede establecer una conexión ya que el equipo de destino denegó expresamente dicha conexión - goodbye
2026-06-04 12:42:19 [INFO] WebSocket desconectado (código None)
2026-06-04 12:42:19 [INFO] Reintentando conexión en 10 segundos...
2026-06-04 12:42:29 [INFO] Conectando a ws://localhost:8080/app/xk2z9tboo2ajmwtwl2qn...
2026-06-04 12:42:33 [ERROR] WebSocket error: [WinError 10061] No se puede establecer una conexión ya que el equipo de destino denegó expresamente dicha conexión
2026-06-04 12:42:33 [ERROR] [WinError 10061] No se puede establecer una conexión ya que el equipo de destino denegó expresamente dicha conexión - goodbye
2026-06-04 12:42:33 [INFO] WebSocket desconectado (código None)
2026-06-04 12:42:33 [INFO] Reintentando conexión en 10 segundos...
2026-06-04 12:42:43 [INFO] Conectando a ws://localhost:8080/app/xk2z9tboo2ajmwtwl2qn...
2026-06-04 12:42:48 [ERROR] WebSocket error: [WinError 10061] No se puede establecer una conexión ya que el equipo de destino denegó expresamente dicha conexión
2026-06-04 12:42:48 [ERROR] [WinError 10061] No se puede establecer una conexión ya que el equipo de destino denegó expresamente dicha conexión - goodbye
2026-06-04 12:42:48 [INFO] WebSocket desconectado (código None)
2026-06-04 12:42:48 [INFO] Reintentando conexión en 10 segundos...
2026-06-04 12:42:48 [WARNING] Error al registrar PC: HTTPConnectionPool(host='localhost', port=8000): Max retries exceeded with url: /api/registro (Caused by NewConnectionError("HTTPConnection(host='localhost', port=8000): Failed to establish a new connection: [WinError 10061] No se puede establecer una conexión ya que el equipo de destino denegó expresamente dicha conexión"))
2026-06-04 12:42:58 [INFO] Conectando a ws://localhost:8080/app/xk2z9tboo2ajmwtwl2qn...
2026-06-04 12:43:02 [ERROR] WebSocket error: [WinError 10061] No se puede establecer una conexión ya que el equipo de destino denegó expresamente dicha conexión
2026-06-04 12:43:02 [ERROR] [WinError 10061] No se puede establecer una conexión ya que el equipo de destino denegó expresamente dicha conexión - goodbye
2026-06-04 12:43:02 [INFO] WebSocket desconectado (código None)
2026-06-04 12:43:02 [INFO] Reintentando conexión en 10 segundos...
2026-06-04 12:43:12 [INFO] Conectando a ws://localhost:8080/app/xk2z9tboo2ajmwtwl2qn...
2026-06-04 12:43:16 [ERROR] WebSocket error: [WinError 10061] No se puede establecer una conexión ya que el equipo de destino denegó expresamente dicha conexión
2026-06-04 12:43:16 [ERROR] [WinError 10061] No se puede establecer una conexión ya que el equipo de destino denegó expresamente dicha conexión - goodbye
2026-06-04 12:43:16 [INFO] WebSocket desconectado (código None)
2026-06-04 12:43:16 [INFO] Reintentando conexión en 10 segundos...
2026-06-04 12:43:23 [WARNING] Error al registrar PC: HTTPConnectionPool(host='localhost', port=8000): Max retries exceeded with url: /api/registro (Caused by NewConnectionError("HTTPConnection(host='localhost', port=8000): Failed to establish a new connection: [WinError 10061] No se puede establecer una conexión ya que el equipo de destino denegó expresamente dicha conexión"))
2026-06-04 12:43:26 [INFO] Conectando a ws://localhost:8080/app/xk2z9tboo2ajmwtwl2qn...
2026-06-04 12:43:30 [ERROR] WebSocket error: [WinError 10061] No se puede establecer una conexión ya que el equipo de destino denegó expresamente dicha conexión
2026-06-04 12:43:30 [ERROR] [WinError 10061] No se puede establecer una conexión ya que el equipo de destino denegó expresamente dicha conexión - goodbye
2026-06-04 12:43:30 [INFO] WebSocket desconectado (código None)
2026-06-04 12:43:30 [INFO] Reintentando conexión en 10 segundos...
2026-06-04 12:43:40 [INFO] Conectando a ws://localhost:8080/app/xk2z9tboo2ajmwtwl2qn...
2026-06-04 12:43:44 [ERROR] WebSocket error: [WinError 10061] No se puede establecer una conexión ya que el equipo de destino denegó expresamente dicha conexión
2026-06-04 12:43:44 [ERROR] [WinError 10061] No se puede establecer una conexión ya que el equipo de destino denegó expresamente dicha conexión - goodbye
2026-06-04 12:43:44 [INFO] WebSocket desconectado (código None)
2026-06-04 12:43:44 [INFO] Reintentando conexión en 10 segundos...
2026-06-04 12:43:54 [INFO] Conectando a ws://localhost:8080/app/xk2z9tboo2ajmwtwl2qn...
2026-06-04 12:43:57 [WARNING] Error al registrar PC: HTTPConnectionPool(host='localhost', port=8000): Max retries exceeded with url: /api/registro (Caused by NewConnectionError("HTTPConnection(host='localhost', port=8000): Failed to establish a new connection: [WinError 10061] No se puede establecer una conexión ya que el equipo de destino denegó expresamente dicha conexión"))
2026-06-04 12:43:58 [ERROR] WebSocket error: [WinError 10061] No se puede establecer una conexión ya que el equipo de destino denegó expresamente dicha conexión
2026-06-04 12:43:58 [ERROR] [WinError 10061] No se puede establecer una conexión ya que el equipo de destino denegó expresamente dicha conexión - goodbye
2026-06-04 12:43:58 [INFO] WebSocket desconectado (código None)
2026-06-04 12:43:58 [INFO] Reintentando conexión en 10 segundos...
2026-06-04 12:44:08 [INFO] Conectando a ws://localhost:8080/app/xk2z9tboo2ajmwtwl2qn...
2026-06-04 12:44:12 [ERROR] WebSocket error: [WinError 10061] No se puede establecer una conexión ya que el equipo de destino denegó expresamente dicha conexión
2026-06-04 12:44:12 [ERROR] [WinError 10061] No se puede establecer una conexión ya que el equipo de destino denegó expresamente dicha conexión - goodbye
2026-06-04 12:44:12 [INFO] WebSocket desconectado (código None)
2026-06-04 12:44:12 [INFO] Reintentando conexión en 10 segundos...
2026-06-04 12:44:22 [INFO] Conectando a ws://localhost:8080/app/xk2z9tboo2ajmwtwl2qn...
2026-06-04 12:44:26 [ERROR] WebSocket error: [WinError 10061] No se puede establecer una conexión ya que el equipo de destino denegó expresamente dicha conexión
2026-06-04 12:44:26 [ERROR] [WinError 10061] No se puede establecer una conexión ya que el equipo de destino denegó expresamente dicha conexión - goodbye
2026-06-04 12:44:26 [INFO] WebSocket desconectado (código None)
2026-06-04 12:44:26 [INFO] Reintentando conexión en 10 segundos...
2026-06-04 12:44:31 [WARNING] Error al registrar PC: HTTPConnectionPool(host='localhost', port=8000): Max retries exceeded with url: /api/registro (Caused by NewConnectionError("HTTPConnection(host='localhost', port=8000): Failed to establish a new connection: [WinError 10061] No se puede establecer una conexión ya que el equipo de destino denegó expresamente dicha conexión"))
2026-06-04 12:44:36 [INFO] Conectando a ws://localhost:8080/app/xk2z9tboo2ajmwtwl2qn...
2026-06-04 12:44:40 [ERROR] WebSocket error: [WinError 10061] No se puede establecer una conexión ya que el equipo de destino denegó expresamente dicha conexión
2026-06-04 12:44:40 [ERROR] [WinError 10061] No se puede establecer una conexión ya que el equipo de destino denegó expresamente dicha conexión - goodbye
2026-06-04 12:44:40 [INFO] WebSocket desconectado (código None)
2026-06-04 12:44:40 [INFO] Reintentando conexión en 10 segundos...
2026-06-04 12:44:50 [INFO] Conectando a ws://localhost:8080/app/xk2z9tboo2ajmwtwl2qn...
2026-06-04 12:44:54 [ERROR] WebSocket error: [WinError 10061] No se puede establecer una conexión ya que el equipo de destino denegó expresamente dicha conexión
2026-06-04 12:44:54 [ERROR] [WinError 10061] No se puede establecer una conexión ya que el equipo de destino denegó expresamente dicha conexión - goodbye
2026-06-04 12:44:54 [INFO] WebSocket desconectado (código None)
2026-06-04 12:44:54 [INFO] Reintentando conexión en 10 segundos...
2026-06-04 12:45:04 [INFO] Conectando a ws://localhost:8080/app/xk2z9tboo2ajmwtwl2qn...
2026-06-04 12:45:05 [WARNING] Error al registrar PC: HTTPConnectionPool(host='localhost', port=8000): Max retries exceeded with url: /api/registro (Caused by NewConnectionError("HTTPConnection(host='localhost', port=8000): Failed to establish a new connection: [WinError 10061] No se puede establecer una conexión ya que el equipo de destino denegó expresamente dicha conexión"))
2026-06-04 12:45:09 [ERROR] WebSocket error: [WinError 10061] No se puede establecer una conexión ya que el equipo de destino denegó expresamente dicha conexión
2026-06-04 12:45:09 [ERROR] [WinError 10061] No se puede establecer una conexión ya que el equipo de destino denegó expresamente dicha conexión - goodbye
2026-06-04 12:45:09 [INFO] WebSocket desconectado (código None)
2026-06-04 12:45:09 [INFO] Reintentando conexión en 10 segundos...
2026-06-04 12:45:19 [INFO] Conectando a ws://localhost:8080/app/xk2z9tboo2ajmwtwl2qn...
2026-06-04 12:45:23 [ERROR] WebSocket error: [WinError 10061] No se puede establecer una conexión ya que el equipo de destino denegó expresamente dicha conexión
2026-06-04 12:45:23 [ERROR] [WinError 10061] No se puede establecer una conexión ya que el equipo de destino denegó expresamente dicha conexión - goodbye
2026-06-04 12:45:23 [INFO] WebSocket desconectado (código None)
2026-06-04 12:45:23 [INFO] Reintentando conexión en 10 segundos...
2026-06-04 12:45:33 [INFO] Conectando a ws://localhost:8080/app/xk2z9tboo2ajmwtwl2qn...
2026-06-04 12:45:37 [ERROR] WebSocket error: [WinError 10061] No se puede establecer una conexión ya que el equipo de destino denegó expresamente dicha conexión
2026-06-04 12:45:37 [ERROR] [WinError 10061] No se puede establecer una conexión ya que el equipo de destino denegó expresamente dicha conexión - goodbye
2026-06-04 12:45:37 [INFO] WebSocket desconectado (código None)
2026-06-04 12:45:37 [INFO] Reintentando conexión en 10 segundos...
2026-06-04 12:45:39 [WARNING] Error al registrar PC: HTTPConnectionPool(host='localhost', port=8000): Max retries exceeded with url: /api/registro (Caused by NewConnectionError("HTTPConnection(host='localhost', port=8000): Failed to establish a new connection: [WinError 10061] No se puede establecer una conexión ya que el equipo de destino denegó expresamente dicha conexión"))
2026-06-04 12:45:47 [INFO] Conectando a ws://localhost:8080/app/xk2z9tboo2ajmwtwl2qn...
2026-06-04 12:45:51 [ERROR] WebSocket error: [WinError 10061] No se puede establecer una conexión ya que el equipo de destino denegó expresamente dicha conexión
2026-06-04 12:45:51 [ERROR] [WinError 10061] No se puede establecer una conexión ya que el equipo de destino denegó expresamente dicha conexión - goodbye
2026-06-04 12:45:51 [INFO] WebSocket desconectado (código None)
2026-06-04 12:45:51 [INFO] Reintentando conexión en 10 segundos...
2026-06-04 12:46:01 [INFO] Conectando a ws://localhost:8080/app/xk2z9tboo2ajmwtwl2qn...
2026-06-04 12:46:05 [ERROR] WebSocket error: [WinError 10061] No se puede establecer una conexión ya que el equipo de destino denegó expresamente dicha conexión
2026-06-04 12:46:05 [ERROR] [WinError 10061] No se puede establecer una conexión ya que el equipo de destino denegó expresamente dicha conexión - goodbye
2026-06-04 12:46:05 [INFO] WebSocket desconectado (código None)
2026-06-04 12:46:05 [INFO] Reintentando conexión en 10 segundos...
2026-06-04 12:46:13 [WARNING] Error al registrar PC: HTTPConnectionPool(host='localhost', port=8000): Max retries exceeded with url: /api/registro (Caused by NewConnectionError("HTTPConnection(host='localhost', port=8000): Failed to establish a new connection: [WinError 10061] No se puede establecer una conexión ya que el equipo de destino denegó expresamente dicha conexión"))
2026-06-04 12:46:15 [INFO] Conectando a ws://localhost:8080/app/xk2z9tboo2ajmwtwl2qn...
2026-06-04 12:46:19 [ERROR] WebSocket error: [WinError 10061] No se puede establecer una conexión ya que el equipo de destino denegó expresamente dicha conexión
2026-06-04 12:46:19 [ERROR] [WinError 10061] No se puede establecer una conexión ya que el equipo de destino denegó expresamente dicha conexión - goodbye
2026-06-04 12:46:19 [INFO] WebSocket desconectado (código None)
2026-06-04 12:46:19 [INFO] Reintentando conexión en 10 segundos...
2026-06-04 12:46:29 [INFO] Conectando a ws://localhost:8080/app/xk2z9tboo2ajmwtwl2qn...
2026-06-04 12:46:33 [ERROR] WebSocket error: [WinError 10061] No se puede establecer una conexión ya que el equipo de destino denegó expresamente dicha conexión
2026-06-04 12:46:33 [ERROR] [WinError 10061] No se puede establecer una conexión ya que el equipo de destino denegó expresamente dicha conexión - goodbye
2026-06-04 12:46:33 [INFO] WebSocket desconectado (código None)
2026-06-04 12:46:33 [INFO] Reintentando conexión en 10 segundos...
2026-06-04 12:46:43 [INFO] Conectando a ws://localhost:8080/app/xk2z9tboo2ajmwtwl2qn...
2026-06-04 12:46:47 [ERROR] WebSocket error: [WinError 10061] No se puede establecer una conexión ya que el equipo de destino denegó expresamente dicha conexión
2026-06-04 12:46:47 [ERROR] [WinError 10061] No se puede establecer una conexión ya que el equipo de destino denegó expresamente dicha conexión - goodbye
2026-06-04 12:46:47 [INFO] WebSocket desconectado (código None)
2026-06-04 12:46:47 [INFO] Reintentando conexión en 10 segundos...
2026-06-04 12:46:47 [WARNING] Error al registrar PC: HTTPConnectionPool(host='localhost', port=8000): Max retries exceeded with url: /api/registro (Caused by NewConnectionError("HTTPConnection(host='localhost', port=8000): Failed to establish a new connection: [WinError 10061] No se puede establecer una conexión ya que el equipo de destino denegó expresamente dicha conexión"))
2026-06-04 12:46:57 [INFO] Conectando a ws://localhost:8080/app/xk2z9tboo2ajmwtwl2qn...
2026-06-04 12:47:01 [ERROR] WebSocket error: [WinError 10061] No se puede establecer una conexión ya que el equipo de destino denegó expresamente dicha conexión
2026-06-04 12:47:01 [ERROR] [WinError 10061] No se puede establecer una conexión ya que el equipo de destino denegó expresamente dicha conexión - goodbye
2026-06-04 12:47:01 [INFO] WebSocket desconectado (código None)
2026-06-04 12:47:01 [INFO] Reintentando conexión en 10 segundos...
2026-06-04 12:47:11 [INFO] Conectando a ws://localhost:8080/app/xk2z9tboo2ajmwtwl2qn...
2026-06-04 12:47:15 [ERROR] WebSocket error: [WinError 10061] No se puede establecer una conexión ya que el equipo de destino denegó expresamente dicha conexión
2026-06-04 12:47:15 [ERROR] [WinError 10061] No se puede establecer una conexión ya que el equipo de destino denegó expresamente dicha conexión - goodbye
2026-06-04 12:47:15 [INFO] WebSocket desconectado (código None)
2026-06-04 12:47:15 [INFO] Reintentando conexión en 10 segundos...
2026-06-04 12:47:21 [WARNING] Error al registrar PC: HTTPConnectionPool(host='localhost', port=8000): Max retries exceeded with url: /api/registro (Caused by NewConnectionError("HTTPConnection(host='localhost', port=8000): Failed to establish a new connection: [WinError 10061] No se puede establecer una conexión ya que el equipo de destino denegó expresamente dicha conexión"))
2026-06-04 12:47:25 [INFO] Conectando a ws://localhost:8080/app/xk2z9tboo2ajmwtwl2qn...
2026-06-04 12:47:29 [ERROR] WebSocket error: [WinError 10061] No se puede establecer una conexión ya que el equipo de destino denegó expresamente dicha conexión
2026-06-04 12:47:29 [ERROR] [WinError 10061] No se puede establecer una conexión ya que el equipo de destino denegó expresamente dicha conexión - goodbye
2026-06-04 12:47:29 [INFO] WebSocket desconectado (código None)
2026-06-04 12:47:29 [INFO] Reintentando conexión en 10 segundos...
2026-06-04 12:47:39 [INFO] Conectando a ws://localhost:8080/app/xk2z9tboo2ajmwtwl2qn...
2026-06-04 12:47:44 [ERROR] WebSocket error: [WinError 10061] No se puede establecer una conexión ya que el equipo de destino denegó expresamente dicha conexión
2026-06-04 12:47:44 [ERROR] [WinError 10061] No se puede establecer una conexión ya que el equipo de destino denegó expresamente dicha conexión - goodbye
2026-06-04 12:47:44 [INFO] WebSocket desconectado (código None)
2026-06-04 12:47:44 [INFO] Reintentando conexión en 10 segundos...
2026-06-04 12:47:54 [INFO] Conectando a ws://localhost:8080/app/xk2z9tboo2ajmwtwl2qn...
2026-06-04 12:47:56 [WARNING] Error al registrar PC: HTTPConnectionPool(host='localhost', port=8000): Max retries exceeded with url: /api/registro (Caused by NewConnectionError("HTTPConnection(host='localhost', port=8000): Failed to establish a new connection: [WinError 10061] No se puede establecer una conexión ya que el equipo de destino denegó expresamente dicha conexión"))
2026-06-04 12:47:58 [ERROR] WebSocket error: [WinError 10061] No se puede establecer una conexión ya que el equipo de destino denegó expresamente dicha conexión
2026-06-04 12:47:58 [ERROR] [WinError 10061] No se puede establecer una conexión ya que el equipo de destino denegó expresamente dicha conexión - goodbye
2026-06-04 12:47:58 [INFO] WebSocket desconectado (código None)
2026-06-04 12:47:58 [INFO] Reintentando conexión en 10 segundos...
2026-06-04 12:48:08 [INFO] Conectando a ws://localhost:8080/app/xk2z9tboo2ajmwtwl2qn...
2026-06-04 12:48:12 [ERROR] WebSocket error: [WinError 10061] No se puede establecer una conexión ya que el equipo de destino denegó expresamente dicha conexión
2026-06-04 12:48:12 [ERROR] [WinError 10061] No se puede establecer una conexión ya que el equipo de destino denegó expresamente dicha conexión - goodbye
2026-06-04 12:48:12 [INFO] WebSocket desconectado (código None)
2026-06-04 12:48:12 [INFO] Reintentando conexión en 10 segundos...
2026-06-04 12:48:22 [INFO] Conectando a ws://localhost:8080/app/xk2z9tboo2ajmwtwl2qn...
2026-06-04 12:48:26 [ERROR] WebSocket error: [WinError 10061] No se puede establecer una conexión ya que el equipo de destino denegó expresamente dicha conexión
2026-06-04 12:48:26 [ERROR] [WinError 10061] No se puede establecer una conexión ya que el equipo de destino denegó expresamente dicha conexión - goodbye
2026-06-04 12:48:26 [INFO] WebSocket desconectado (código None)
2026-06-04 12:48:26 [INFO] Reintentando conexión en 10 segundos...
2026-06-04 12:48:30 [WARNING] Error al registrar PC: HTTPConnectionPool(host='localhost', port=8000): Max retries exceeded with url: /api/registro (Caused by NewConnectionError("HTTPConnection(host='localhost', port=8000): Failed to establish a new connection: [WinError 10061] No se puede establecer una conexión ya que el equipo de destino denegó expresamente dicha conexión"))
2026-06-04 12:48:36 [INFO] Conectando a ws://localhost:8080/app/xk2z9tboo2ajmwtwl2qn...
2026-06-04 12:48:40 [ERROR] WebSocket error: [WinError 10061] No se puede establecer una conexión ya que el equipo de destino denegó expresamente dicha conexión
2026-06-04 12:48:40 [ERROR] [WinError 10061] No se puede establecer una conexión ya que el equipo de destino denegó expresamente dicha conexión - goodbye
2026-06-04 12:48:40 [INFO] WebSocket desconectado (código None)
2026-06-04 12:48:40 [INFO] Reintentando conexión en 10 segundos...
2026-06-04 12:48:50 [INFO] Conectando a ws://localhost:8080/app/xk2z9tboo2ajmwtwl2qn...
2026-06-04 12:48:54 [ERROR] WebSocket error: [WinError 10061] No se puede establecer una conexión ya que el equipo de destino denegó expresamente dicha conexión
2026-06-04 12:48:54 [ERROR] [WinError 10061] No se puede establecer una conexión ya que el equipo de destino denegó expresamente dicha conexión - goodbye
2026-06-04 12:48:54 [INFO] WebSocket desconectado (código None)
2026-06-04 12:48:54 [INFO] Reintentando conexión en 10 segundos...
2026-06-04 12:49:04 [WARNING] Error al registrar PC: HTTPConnectionPool(host='localhost', port=8000): Max retries exceeded with url: /api/registro (Caused by NewConnectionError("HTTPConnection(host='localhost', port=8000): Failed to establish a new connection: [WinError 10061] No se puede establecer una conexión ya que el equipo de destino denegó expresamente dicha conexión"))
2026-06-04 12:49:04 [INFO] Conectando a ws://localhost:8080/app/xk2z9tboo2ajmwtwl2qn...
2026-06-04 12:49:08 [ERROR] WebSocket error: [WinError 10061] No se puede establecer una conexión ya que el equipo de destino denegó expresamente dicha conexión
2026-06-04 12:49:08 [ERROR] [WinError 10061] No se puede establecer una conexión ya que el equipo de destino denegó expresamente dicha conexión - goodbye
2026-06-04 12:49:08 [INFO] WebSocket desconectado (código None)
2026-06-04 12:49:08 [INFO] Reintentando conexión en 10 segundos...
2026-06-04 12:49:18 [INFO] Conectando a ws://localhost:8080/app/xk2z9tboo2ajmwtwl2qn...
2026-06-04 12:49:22 [ERROR] WebSocket error: [WinError 10061] No se puede establecer una conexión ya que el equipo de destino denegó expresamente dicha conexión
2026-06-04 12:49:22 [ERROR] [WinError 10061] No se puede establecer una conexión ya que el equipo de destino denegó expresamente dicha conexión - goodbye
2026-06-04 12:49:22 [INFO] WebSocket desconectado (código None)
2026-06-04 12:49:22 [INFO] Reintentando conexión en 10 segundos...
2026-06-04 12:49:32 [INFO] Conectando a ws://localhost:8080/app/xk2z9tboo2ajmwtwl2qn...
2026-06-04 12:49:36 [ERROR] WebSocket error: [WinError 10061] No se puede establecer una conexión ya que el equipo de destino denegó expresamente dicha conexión
2026-06-04 12:49:36 [ERROR] [WinError 10061] No se puede establecer una conexión ya que el equipo de destino denegó expresamente dicha conexión - goodbye
2026-06-04 12:49:36 [INFO] WebSocket desconectado (código None)
2026-06-04 12:49:36 [INFO] Reintentando conexión en 10 segundos...
2026-06-04 12:49:38 [WARNING] Error al registrar PC: HTTPConnectionPool(host='localhost', port=8000): Max retries exceeded with url: /api/registro (Caused by NewConnectionError("HTTPConnection(host='localhost', port=8000): Failed to establish a new connection: [WinError 10061] No se puede establecer una conexión ya que el equipo de destino denegó expresamente dicha conexión"))
2026-06-04 12:49:46 [INFO] Conectando a ws://localhost:8080/app/xk2z9tboo2ajmwtwl2qn...
2026-06-04 12:49:50 [ERROR] WebSocket error: [WinError 10061] No se puede establecer una conexión ya que el equipo de destino denegó expresamente dicha conexión
2026-06-04 12:49:50 [ERROR] [WinError 10061] No se puede establecer una conexión ya que el equipo de destino denegó expresamente dicha conexión - goodbye
2026-06-04 12:49:50 [INFO] WebSocket desconectado (código None)
2026-06-04 12:49:50 [INFO] Reintentando conexión en 10 segundos...
2026-06-04 12:50:00 [INFO] Conectando a ws://localhost:8080/app/xk2z9tboo2ajmwtwl2qn...
2026-06-04 12:50:04 [ERROR] WebSocket error: [WinError 10061] No se puede establecer una conexión ya que el equipo de destino denegó expresamente dicha conexión
2026-06-04 12:50:04 [ERROR] [WinError 10061] No se puede establecer una conexión ya que el equipo de destino denegó expresamente dicha conexión - goodbye
2026-06-04 12:50:04 [INFO] WebSocket desconectado (código None)
2026-06-04 12:50:04 [INFO] Reintentando conexión en 10 segundos...
2026-06-04 12:50:12 [WARNING] Error al registrar PC: HTTPConnectionPool(host='localhost', port=8000): Max retries exceeded with url: /api/registro (Caused by NewConnectionError("HTTPConnection(host='localhost', port=8000): Failed to establish a new connection: [WinError 10061] No se puede establecer una conexión ya que el equipo de destino denegó expresamente dicha conexión"))
2026-06-04 12:50:14 [INFO] Conectando a ws://localhost:8080/app/xk2z9tboo2ajmwtwl2qn...
2026-06-04 12:50:18 [ERROR] WebSocket error: [WinError 10061] No se puede establecer una conexión ya que el equipo de destino denegó expresamente dicha conexión
2026-06-04 12:50:18 [ERROR] [WinError 10061] No se puede establecer una conexión ya que el equipo de destino denegó expresamente dicha conexión - goodbye
2026-06-04 12:50:18 [INFO] WebSocket desconectado (código None)
2026-06-04 12:50:18 [INFO] Reintentando conexión en 10 segundos...
2026-06-04 12:50:28 [INFO] Conectando a ws://localhost:8080/app/xk2z9tboo2ajmwtwl2qn...
2026-06-04 12:50:33 [ERROR] WebSocket error: [WinError 10061] No se puede establecer una conexión ya que el equipo de destino denegó expresamente dicha conexión
2026-06-04 12:50:33 [ERROR] [WinError 10061] No se puede establecer una conexión ya que el equipo de destino denegó expresamente dicha conexión - goodbye
2026-06-04 12:50:33 [INFO] WebSocket desconectado (código None)
2026-06-04 12:50:33 [INFO] Reintentando conexión en 10 segundos...
2026-06-04 12:50:43 [INFO] Conectando a ws://localhost:8080/app/xk2z9tboo2ajmwtwl2qn...
2026-06-04 12:50:46 [WARNING] Error al registrar PC: HTTPConnectionPool(host='localhost', port=8000): Max retries exceeded with url: /api/registro (Caused by NewConnectionError("HTTPConnection(host='localhost', port=8000): Failed to establish a new connection: [WinError 10061] No se puede establecer una conexión ya que el equipo de destino denegó expresamente dicha conexión"))
2026-06-04 12:50:47 [ERROR] WebSocket error: [WinError 10061] No se puede establecer una conexión ya que el equipo de destino denegó expresamente dicha conexión
2026-06-04 12:50:47 [ERROR] [WinError 10061] No se puede establecer una conexión ya que el equipo de destino denegó expresamente dicha conexión - goodbye
2026-06-04 12:50:47 [INFO] WebSocket desconectado (código None)
2026-06-04 12:50:47 [INFO] Reintentando conexión en 10 segundos...
2026-06-04 12:50:57 [INFO] Conectando a ws://localhost:8080/app/xk2z9tboo2ajmwtwl2qn...
2026-06-04 12:51:01 [ERROR] WebSocket error: [WinError 10061] No se puede establecer una conexión ya que el equipo de destino denegó expresamente dicha conexión
2026-06-04 12:51:01 [ERROR] [WinError 10061] No se puede establecer una conexión ya que el equipo de destino denegó expresamente dicha conexión - goodbye
2026-06-04 12:51:01 [INFO] WebSocket desconectado (código None)
2026-06-04 12:51:01 [INFO] Reintentando conexión en 10 segundos...
2026-06-04 12:51:11 [INFO] Conectando a ws://localhost:8080/app/xk2z9tboo2ajmwtwl2qn...
2026-06-04 12:51:15 [ERROR] WebSocket error: [WinError 10061] No se puede establecer una conexión ya que el equipo de destino denegó expresamente dicha conexión
2026-06-04 12:51:15 [ERROR] [WinError 10061] No se puede establecer una conexión ya que el equipo de destino denegó expresamente dicha conexión - goodbye
2026-06-04 12:51:15 [INFO] WebSocket desconectado (código None)
2026-06-04 12:51:15 [INFO] Reintentando conexión en 10 segundos...
2026-06-04 12:51:20 [WARNING] Error al registrar PC: HTTPConnectionPool(host='localhost', port=8000): Max retries exceeded with url: /api/registro (Caused by NewConnectionError("HTTPConnection(host='localhost', port=8000): Failed to establish a new connection: [WinError 10061] No se puede establecer una conexión ya que el equipo de destino denegó expresamente dicha conexión"))
2026-06-04 12:51:25 [INFO] Conectando a ws://localhost:8080/app/xk2z9tboo2ajmwtwl2qn...
2026-06-04 12:51:29 [ERROR] WebSocket error: [WinError 10061] No se puede establecer una conexión ya que el equipo de destino denegó expresamente dicha conexión
2026-06-04 12:51:29 [ERROR] [WinError 10061] No se puede establecer una conexión ya que el equipo de destino denegó expresamente dicha conexión - goodbye
2026-06-04 12:51:29 [INFO] WebSocket desconectado (código None)
2026-06-04 12:51:29 [INFO] Reintentando conexión en 10 segundos...
2026-06-04 12:51:39 [INFO] Conectando a ws://localhost:8080/app/xk2z9tboo2ajmwtwl2qn...
2026-06-04 12:51:43 [ERROR] WebSocket error: [WinError 10061] No se puede establecer una conexión ya que el equipo de destino denegó expresamente dicha conexión
2026-06-04 12:51:43 [ERROR] [WinError 10061] No se puede establecer una conexión ya que el equipo de destino denegó expresamente dicha conexión - goodbye
2026-06-04 12:51:43 [INFO] WebSocket desconectado (código None)
2026-06-04 12:51:43 [INFO] Reintentando conexión en 10 segundos...
2026-06-04 12:51:53 [INFO] Conectando a ws://localhost:8080/app/xk2z9tboo2ajmwtwl2qn...
2026-06-04 12:51:54 [WARNING] Error al registrar PC: HTTPConnectionPool(host='localhost', port=8000): Max retries exceeded with url: /api/registro (Caused by NewConnectionError("HTTPConnection(host='localhost', port=8000): Failed to establish a new connection: [WinError 10061] No se puede establecer una conexión ya que el equipo de destino denegó expresamente dicha conexión"))
2026-06-04 12:51:57 [ERROR] WebSocket error: [WinError 10061] No se puede establecer una conexión ya que el equipo de destino denegó expresamente dicha conexión
2026-06-04 12:51:57 [ERROR] [WinError 10061] No se puede establecer una conexión ya que el equipo de destino denegó expresamente dicha conexión - goodbye
2026-06-04 12:51:57 [INFO] WebSocket desconectado (código None)
2026-06-04 12:51:57 [INFO] Reintentando conexión en 10 segundos...
2026-06-04 12:52:07 [INFO] Conectando a ws://localhost:8080/app/xk2z9tboo2ajmwtwl2qn...
2026-06-04 12:52:11 [ERROR] WebSocket error: [WinError 10061] No se puede establecer una conexión ya que el equipo de destino denegó expresamente dicha conexión
2026-06-04 12:52:11 [ERROR] [WinError 10061] No se puede establecer una conexión ya que el equipo de destino denegó expresamente dicha conexión - goodbye
2026-06-04 12:52:11 [INFO] WebSocket desconectado (código None)
2026-06-04 12:52:11 [INFO] Reintentando conexión en 10 segundos...
2026-06-04 12:52:21 [INFO] Conectando a ws://localhost:8080/app/xk2z9tboo2ajmwtwl2qn...
2026-06-04 12:52:25 [ERROR] WebSocket error: [WinError 10061] No se puede establecer una conexión ya que el equipo de destino denegó expresamente dicha conexión
2026-06-04 12:52:25 [ERROR] [WinError 10061] No se puede establecer una conexión ya que el equipo de destino denegó expresamente dicha conexión - goodbye
2026-06-04 12:52:25 [INFO] WebSocket desconectado (código None)
2026-06-04 12:52:25 [INFO] Reintentando conexión en 10 segundos...
2026-06-04 12:52:28 [WARNING] Error al registrar PC: HTTPConnectionPool(host='localhost', port=8000): Max retries exceeded with url: /api/registro (Caused by NewConnectionError("HTTPConnection(host='localhost', port=8000): Failed to establish a new connection: [WinError 10061] No se puede establecer una conexión ya que el equipo de destino denegó expresamente dicha conexión"))
2026-06-04 12:52:35 [INFO] Conectando a ws://localhost:8080/app/xk2z9tboo2ajmwtwl2qn...
2026-06-04 12:52:39 [ERROR] WebSocket error: [WinError 10061] No se puede establecer una conexión ya que el equipo de destino denegó expresamente dicha conexión
2026-06-04 12:52:39 [ERROR] [WinError 10061] No se puede establecer una conexión ya que el equipo de destino denegó expresamente dicha conexión - goodbye
2026-06-04 12:52:39 [INFO] WebSocket desconectado (código None)
2026-06-04 12:52:39 [INFO] Reintentando conexión en 10 segundos...
2026-06-04 12:52:49 [INFO] Conectando a ws://localhost:8080/app/xk2z9tboo2ajmwtwl2qn...
2026-06-04 12:52:54 [ERROR] WebSocket error: [WinError 10061] No se puede establecer una conexión ya que el equipo de destino denegó expresamente dicha conexión
2026-06-04 12:52:54 [ERROR] [WinError 10061] No se puede establecer una conexión ya que el equipo de destino denegó expresamente dicha conexión - goodbye
2026-06-04 12:52:54 [INFO] WebSocket desconectado (código None)
2026-06-04 12:52:54 [INFO] Reintentando conexión en 10 segundos...
2026-06-04 12:53:03 [WARNING] Error al registrar PC: HTTPConnectionPool(host='localhost', port=8000): Max retries exceeded with url: /api/registro (Caused by NewConnectionError("HTTPConnection(host='localhost', port=8000): Failed to establish a new connection: [WinError 10061] No se puede establecer una conexión ya que el equipo de destino denegó expresamente dicha conexión"))
2026-06-04 12:53:04 [INFO] Conectando a ws://localhost:8080/app/xk2z9tboo2ajmwtwl2qn...
2026-06-04 12:53:08 [ERROR] WebSocket error: [WinError 10061] No se puede establecer una conexión ya que el equipo de destino denegó expresamente dicha conexión
2026-06-04 12:53:08 [ERROR] [WinError 10061] No se puede establecer una conexión ya que el equipo de destino denegó expresamente dicha conexión - goodbye
2026-06-04 12:53:08 [INFO] WebSocket desconectado (código None)
2026-06-04 12:53:08 [INFO] Reintentando conexión en 10 segundos...
2026-06-04 12:53:18 [INFO] Conectando a ws://localhost:8080/app/xk2z9tboo2ajmwtwl2qn...
2026-06-04 12:53:22 [ERROR] WebSocket error: [WinError 10061] No se puede establecer una conexión ya que el equipo de destino denegó expresamente dicha conexión
2026-06-04 12:53:22 [ERROR] [WinError 10061] No se puede establecer una conexión ya que el equipo de destino denegó expresamente dicha conexión - goodbye
2026-06-04 12:53:22 [INFO] WebSocket desconectado (código None)
2026-06-04 12:53:22 [INFO] Reintentando conexión en 10 segundos...
2026-06-04 12:53:32 [INFO] Conectando a ws://localhost:8080/app/xk2z9tboo2ajmwtwl2qn...
2026-06-04 12:53:36 [ERROR] WebSocket error: [WinError 10061] No se puede establecer una conexión ya que el equipo de destino denegó expresamente dicha conexión
2026-06-04 12:53:36 [ERROR] [WinError 10061] No se puede establecer una conexión ya que el equipo de destino denegó expresamente dicha conexión - goodbye
2026-06-04 12:53:36 [INFO] WebSocket desconectado (código None)
2026-06-04 12:53:36 [INFO] Reintentando conexión en 10 segundos...
2026-06-04 12:53:37 [WARNING] Error al registrar PC: HTTPConnectionPool(host='localhost', port=8000): Max retries exceeded with url: /api/registro (Caused by NewConnectionError("HTTPConnection(host='localhost', port=8000): Failed to establish a new connection: [WinError 10061] No se puede establecer una conexión ya que el equipo de destino denegó expresamente dicha conexión"))
2026-06-04 12:53:46 [INFO] Conectando a ws://localhost:8080/app/xk2z9tboo2ajmwtwl2qn...
2026-06-04 12:53:50 [ERROR] WebSocket error: [WinError 10061] No se puede establecer una conexión ya que el equipo de destino denegó expresamente dicha conexión
2026-06-04 12:53:50 [ERROR] [WinError 10061] No se puede establecer una conexión ya que el equipo de destino denegó expresamente dicha conexión - goodbye
2026-06-04 12:53:50 [INFO] WebSocket desconectado (código None)
2026-06-04 12:53:50 [INFO] Reintentando conexión en 10 segundos...
2026-06-04 12:54:00 [INFO] Conectando a ws://localhost:8080/app/xk2z9tboo2ajmwtwl2qn...
2026-06-04 12:54:04 [ERROR] WebSocket error: [WinError 10061] No se puede establecer una conexión ya que el equipo de destino denegó expresamente dicha conexión
2026-06-04 12:54:04 [ERROR] [WinError 10061] No se puede establecer una conexión ya que el equipo de destino denegó expresamente dicha conexión - goodbye
2026-06-04 12:54:04 [INFO] WebSocket desconectado (código None)
2026-06-04 12:54:04 [INFO] Reintentando conexión en 10 segundos...
2026-06-04 12:54:11 [WARNING] Error al registrar PC: HTTPConnectionPool(host='localhost', port=8000): Max retries exceeded with url: /api/registro (Caused by NewConnectionError("HTTPConnection(host='localhost', port=8000): Failed to establish a new connection: [WinError 10061] No se puede establecer una conexión ya que el equipo de destino denegó expresamente dicha conexión"))
2026-06-04 12:54:14 [INFO] Conectando a ws://localhost:8080/app/xk2z9tboo2ajmwtwl2qn...
2026-06-04 12:54:18 [ERROR] WebSocket error: [WinError 10061] No se puede establecer una conexión ya que el equipo de destino denegó expresamente dicha conexión
2026-06-04 12:54:18 [ERROR] [WinError 10061] No se puede establecer una conexión ya que el equipo de destino denegó expresamente dicha conexión - goodbye
2026-06-04 12:54:18 [INFO] WebSocket desconectado (código None)
2026-06-04 12:54:18 [INFO] Reintentando conexión en 10 segundos...
2026-06-04 12:54:28 [INFO] Conectando a ws://localhost:8080/app/xk2z9tboo2ajmwtwl2qn...
2026-06-04 12:54:32 [ERROR] WebSocket error: [WinError 10061] No se puede establecer una conexión ya que el equipo de destino denegó expresamente dicha conexión
2026-06-04 12:54:32 [ERROR] [WinError 10061] No se puede establecer una conexión ya que el equipo de destino denegó expresamente dicha conexión - goodbye
2026-06-04 12:54:32 [INFO] WebSocket desconectado (código None)
2026-06-04 12:54:32 [INFO] Reintentando conexión en 10 segundos...
2026-06-04 12:54:42 [INFO] Conectando a ws://localhost:8080/app/xk2z9tboo2ajmwtwl2qn...
2026-06-04 12:54:45 [WARNING] Error al registrar PC: HTTPConnectionPool(host='localhost', port=8000): Max retries exceeded with url: /api/registro (Caused by NewConnectionError("HTTPConnection(host='localhost', port=8000): Failed to establish a new connection: [WinError 10061] No se puede establecer una conexión ya que el equipo de destino denegó expresamente dicha conexión"))
2026-06-04 12:54:46 [ERROR] WebSocket error: [WinError 10061] No se puede establecer una conexión ya que el equipo de destino denegó expresamente dicha conexión
2026-06-04 12:54:46 [ERROR] [WinError 10061] No se puede establecer una conexión ya que el equipo de destino denegó expresamente dicha conexión - goodbye
2026-06-04 12:54:46 [INFO] WebSocket desconectado (código None)
2026-06-04 12:54:46 [INFO] Reintentando conexión en 10 segundos...
2026-06-04 12:54:56 [INFO] Conectando a ws://localhost:8080/app/xk2z9tboo2ajmwtwl2qn...
2026-06-04 12:55:00 [ERROR] WebSocket error: [WinError 10061] No se puede establecer una conexión ya que el equipo de destino denegó expresamente dicha conexión
2026-06-04 12:55:00 [ERROR] [WinError 10061] No se puede establecer una conexión ya que el equipo de destino denegó expresamente dicha conexión - goodbye
2026-06-04 12:55:00 [INFO] WebSocket desconectado (código None)
2026-06-04 12:55:00 [INFO] Reintentando conexión en 10 segundos...
2026-06-04 12:55:10 [INFO] Conectando a ws://localhost:8080/app/xk2z9tboo2ajmwtwl2qn...
2026-06-04 12:55:15 [ERROR] WebSocket error: [WinError 10061] No se puede establecer una conexión ya que el equipo de destino denegó expresamente dicha conexión
2026-06-04 12:55:15 [ERROR] [WinError 10061] No se puede establecer una conexión ya que el equipo de destino denegó expresamente dicha conexión - goodbye
2026-06-04 12:55:15 [INFO] WebSocket desconectado (código None)
2026-06-04 12:55:15 [INFO] Reintentando conexión en 10 segundos...
2026-06-04 12:55:19 [WARNING] Error al registrar PC: HTTPConnectionPool(host='localhost', port=8000): Max retries exceeded with url: /api/registro (Caused by NewConnectionError("HTTPConnection(host='localhost', port=8000): Failed to establish a new connection: [WinError 10061] No se puede establecer una conexión ya que el equipo de destino denegó expresamente dicha conexión"))
2026-06-04 12:55:25 [INFO] Conectando a ws://localhost:8080/app/xk2z9tboo2ajmwtwl2qn...
2026-06-04 12:55:29 [ERROR] WebSocket error: [WinError 10061] No se puede establecer una conexión ya que el equipo de destino denegó expresamente dicha conexión
2026-06-04 12:55:29 [ERROR] [WinError 10061] No se puede establecer una conexión ya que el equipo de destino denegó expresamente dicha conexión - goodbye
2026-06-04 12:55:29 [INFO] WebSocket desconectado (código None)
2026-06-04 12:55:29 [INFO] Reintentando conexión en 10 segundos...
2026-06-04 12:55:39 [INFO] Conectando a ws://localhost:8080/app/xk2z9tboo2ajmwtwl2qn...
2026-06-04 12:55:43 [ERROR] WebSocket error: [WinError 10061] No se puede establecer una conexión ya que el equipo de destino denegó expresamente dicha conexión
2026-06-04 12:55:43 [ERROR] [WinError 10061] No se puede establecer una conexión ya que el equipo de destino denegó expresamente dicha conexión - goodbye
2026-06-04 12:55:43 [INFO] WebSocket desconectado (código None)
2026-06-04 12:55:43 [INFO] Reintentando conexión en 10 segundos...
2026-06-04 12:55:53 [INFO] Conectando a ws://localhost:8080/app/xk2z9tboo2ajmwtwl2qn...
2026-06-04 12:55:53 [WARNING] Error al registrar PC: HTTPConnectionPool(host='localhost', port=8000): Max retries exceeded with url: /api/registro (Caused by NewConnectionError("HTTPConnection(host='localhost', port=8000): Failed to establish a new connection: [WinError 10061] No se puede establecer una conexión ya que el equipo de destino denegó expresamente dicha conexión"))
2026-06-04 12:55:57 [ERROR] WebSocket error: [WinError 10061] No se puede establecer una conexión ya que el equipo de destino denegó expresamente dicha conexión
2026-06-04 12:55:57 [ERROR] [WinError 10061] No se puede establecer una conexión ya que el equipo de destino denegó expresamente dicha conexión - goodbye
2026-06-04 12:55:57 [INFO] WebSocket desconectado (código None)
2026-06-04 12:55:57 [INFO] Reintentando conexión en 10 segundos...
2026-06-04 12:56:07 [INFO] Conectando a ws://localhost:8080/app/xk2z9tboo2ajmwtwl2qn...
2026-06-04 12:56:11 [ERROR] WebSocket error: [WinError 10061] No se puede establecer una conexión ya que el equipo de destino denegó expresamente dicha conexión
2026-06-04 12:56:11 [ERROR] [WinError 10061] No se puede establecer una conexión ya que el equipo de destino denegó expresamente dicha conexión - goodbye
2026-06-04 12:56:11 [INFO] WebSocket desconectado (código None)
2026-06-04 12:56:11 [INFO] Reintentando conexión en 10 segundos...
2026-06-04 12:56:21 [INFO] Conectando a ws://localhost:8080/app/xk2z9tboo2ajmwtwl2qn...
2026-06-04 12:56:25 [ERROR] WebSocket error: [WinError 10061] No se puede establecer una conexión ya que el equipo de destino denegó expresamente dicha conexión
2026-06-04 12:56:25 [ERROR] [WinError 10061] No se puede establecer una conexión ya que el equipo de destino denegó expresamente dicha conexión - goodbye
2026-06-04 12:56:25 [INFO] WebSocket desconectado (código None)
2026-06-04 12:56:25 [INFO] Reintentando conexión en 10 segundos...
2026-06-04 12:56:27 [WARNING] Error al registrar PC: HTTPConnectionPool(host='localhost', port=8000): Max retries exceeded with url: /api/registro (Caused by NewConnectionError("HTTPConnection(host='localhost', port=8000): Failed to establish a new connection: [WinError 10061] No se puede establecer una conexión ya que el equipo de destino denegó expresamente dicha conexión"))
2026-06-04 12:56:35 [INFO] Conectando a ws://localhost:8080/app/xk2z9tboo2ajmwtwl2qn...
2026-06-04 12:56:39 [ERROR] WebSocket error: [WinError 10061] No se puede establecer una conexión ya que el equipo de destino denegó expresamente dicha conexión
2026-06-04 12:56:39 [ERROR] [WinError 10061] No se puede establecer una conexión ya que el equipo de destino denegó expresamente dicha conexión - goodbye
2026-06-04 12:56:39 [INFO] WebSocket desconectado (código None)
2026-06-04 12:56:39 [INFO] Reintentando conexión en 10 segundos...
2026-06-04 12:56:49 [INFO] Conectando a ws://localhost:8080/app/xk2z9tboo2ajmwtwl2qn...
2026-06-04 12:56:53 [ERROR] WebSocket error: [WinError 10061] No se puede establecer una conexión ya que el equipo de destino denegó expresamente dicha conexión
2026-06-04 12:56:53 [ERROR] [WinError 10061] No se puede establecer una conexión ya que el equipo de destino denegó expresamente dicha conexión - goodbye
2026-06-04 12:56:53 [INFO] WebSocket desconectado (código None)
2026-06-04 12:56:53 [INFO] Reintentando conexión en 10 segundos...
